       1                                		.PSECT A, REL
       2                                ;    ***************************************************
       3                                ;    * 0 OPERAND INSTR OPERATING ON REGISTERS - WORDS *
       4                                ;    ***************************************************
       5                                ; 
       6 000000 177777                  A:    	  .WORD     65535.           ;initialise OLD, NEW, and FIBO
       7 000002 177777                  B:        .WORD     65535.             
       8                                
       9                                START:                             ;program starts executing here
      10 000004 012701  000001                    MOV       #1.,R1         ;
      11 000010 012702  000002          		  MOV		#2.,R2
      12 000014 012703  000003          		  MOV		#3.,R3
      13 000020 012704  000004          		  MOV       #4.,R4         ;
      14 000024 012705  000005          		  MOV		#5.,R5
      15 000030 012706  000006          		  MOV		#6.,sp
      16 000034 016701  177740          		  MOV		A,R1
      17 000040 016702  177736          		  MOV		B,R2
      18 000044 060102                  		  ADD		R1,R2
      19 000046 000241                            CLC       
      20 000050 000242                  		  CLV		
      21 000052 000244                  		  CLZ		
      22 000054 000250                  		  CLN		
      23 000056 000261                  		  SEC		
      24 000060 000262                  		  SEV		
      25 000062 000264                  		  SEZ				
      26 000064 000270                  		  SEN	
      27 000066 000000                  		  HALT                     ;STOP
      27                                
