       1                                		.PSECT A, REL
       2                                ;    ***************************************************
       3                                ;    * 1 OPERAND INSTR OPERATING ON REGISTERS - WORDS *
       4                                ;    ***************************************************
       5                                ; 
       6 000000 001234                  A:    	  .WORD     668.           ;initialise OLD, NEW, and FIBO
       7 000002 001111                  B:        .WORD     585.             
       8                                
       9                                START:                             ;program starts executing here
      10 000004 012701  000001                    MOV       #1.,R1         ;
      11 000010 012702  000002          		  MOV		#2.,R2
      12 000014 012703  000003          		  MOV		#3.,R3
      13 000020 012704  000004          		  MOV       #4.,R4         ;
      14 000024 012705  000005          		  MOV		#5.,R5
      15 000030 012706  000006          		  MOV		#6.,sp
      16 000034 005206                            INC       sp             ;R2 = R1 + R2
      17 000036 005305                  		  DEC		R5
      18 000040 005503                  		  ADC		R3
      19 000042 005604                  		  SBC		R4
      20 000044 005702                  		  TST		R2
      21 000046 005401                  		  NEG		R1
      22 000050 005106                  		  COM		sp		
      23 000052 006001                  		  ROR		R1
      24 000054 006102                  		  ROL		R2
      25 000056 006203                  		  ASR		R3
      26 000060 006304                  		  ASL		R4
      27 000062 000306                  		  SWAB		sp
      28 000064 000000                  		  HALT                     ;STOP
      28                                
