       1                                		.PSECT A, REL
       2                                ;    ******************************
       3                                ;    *    All ADDRESSING MODES 	  *
       4                                ;    ******************************
       5                                ; 	 
       6 000000 000000                  A:		  .WORD		0.			; 000000
       7 000002 000000                  B:		  .WORD		0.			; 000002
       8 000004 000000                  C:		  .WORD 	0. 			; 000004
       9 000006 000000                  D: 		  .WORD 	0. 			; 000006
      10 000010 000000                  E:		  .WORD 	0.			; 000010
      11                                         
      12                                START:   						   ;program starts executing here
      13                                		  ;ADDRESSING MODES FOR 1 OPERAND INSTRUCTION ON REGISTERS
      14                                		  
      15 000012 012705  000002          		  MOV		#2, R5		   ;R5 = 000002 Octal
      16 000016 012737  000012  000000  		  MOV		#12,@#0		   ;[00000] = 12 Octal
      17 000024 005205                  		  INC		R5			   ;R5 = 3 octal
      18 000026 005205                  		  INC		R5			   ;R5 = 000004 octal
      19 000030 012737  000012  000004  		  MOV		#12,@#4		   ;[000004] = 12 octal
      20 000036 005215                  		  INC		(R5)		   ;[000004] = 13 octal
      21 000040 005225                  		  INC		(R5)+		   ;[000004] = 14 & R5 = 000006
      22 000042 012737  000010  000006  		  MOV		#10,@#6        ;[000006] = 10 octal
      23 000050 012737  000010  000010  		  MOV		#10,@#10	   ;[000010] = 10 octal
      24 000056 005235                  		  INC		@(R5)+		   ;[10] = 11 & R5 = 000010
      25 000060 005245                  		  INC		-(R5)		   ;R5 = 000006 & [000006] = 11
      26 000062 012737  000010  000014  		  MOV 		#10, @#14	   ;[000014] = 10 octal
      27 000070 005255                  		  INC		@-(R5)		   ;R5 = 000004 & [14] = 11
      28 000072 005265  000010          		  INC		10(R5)		   ;[000014] = 12
      29 000076 005275  000006          		  INC		@6(R5)		   ;[000010] = 12
      30                                		  
      31                                		  ;ADDRESSING MODES FOR 1 OPERAND INSTRUCTION ON MEMORY
      32                                		  
      33 000102 005227  000002          		  INC		#002    	   ;[PC+2] = 003, PC = PC + 2;  (PC+2 = 104)
      34 000106 005237  000002          		  INC		@#02		   ;[000002] = 1
      35 000112 005267  177777'         		  INC		-1   		   ;[PC-1] = INCREMENTED ; PC-1 = 115
      36 000116 012707  000002          		  MOV		#2,pc
      37 000122 012767  000004  177652  		  MOV		#4,B
      38 000130 005277  177777'         		  INC		@-1 		   ;[[PC-1]] = INCREMENTED ; PC-1 = 121
      39                                		  
      40                                		  ;ADDRESSING MODES FOR STACK INSTRUCTIONS
      41                                		  
      42                                ;		  MOV @(PC)+, @(SP)+
      43                                		  
      43 000134 000000                  		  HALT		  
