       1                                		.PSECT A, ABS
       2                                ;    ******************************
       3                                ;    *    All ADDRESSING MODES 	  *
       4                                ;    ******************************
       5                                ;
       6 000000                         STACK:	  .BLKW		50			   ;Stack Space
       7 000120 000120                  TOS:	  .WORD		120			   ;Top of stack
       8 000122 000000                  A:		  .WORD		0			   ;[122] = 0
       9 000124 000000                  B:		  .WORD		0			   ;[124] = 0
      10 000126 000000                  C:		  .WORD		0			   ;[126] = 0
      11 000130 000000                  D:		  .WORD		0			   ;[130] = 0
      12 000132 000000                  E:		  .WORD		0			   ;[132] = 0
      13                                         
      14                                START:   						   ;program starts executing here
      15                                		  ;ADDRESSING MODES FOR STACK INSTRUCTIONS
      16                                		  ;AUTODECREMENT
      17 000134 016706  000120'         		  MOV		TOS,SP		   ;SP = Top of the stack
      18 000140 012746  000001          		  MOV		#1,-(SP)	   ;Push #1 on stack [116] = 1
      19 000144 012746  000002          		  MOV		#2,-(SP)       ;Push #2 on stack [114] = 2
      20 000150 012746  000003          		  MOV		#3,-(SP)       ;Push #3 on stack [112] = 3
      21 000154 012746  000004          		  MOV		#4,-(SP)       ;Push #4 on stack [110] = 4
      22 000160 012746  000005          		  MOV		#5,-(SP)       ;Push #5 on stack [106] = 5
      23                                		  
      24                                		  ;DEFFERED
      25 000164 011667  000122'         		  MOV		(SP),A		   ;[122] = 5
      26                                		  
      27                                		  ;INDEXED
      28 000170 016667  000012  000122' 		  MOV		12(SP),A	   ;[122] = 5
      29 000176 016667  000010  000124' 		  MOV		10(SP),B	   ;[124] = 4
      30 000204 016667  000006  000126' 		  MOV		6(SP),C  	   ;[126] = 3
      31 000212 016667  000004  000130' 		  MOV		4(SP),D		   ;[130] = 2
      32 000220 016667  000002  000132' 		  MOV		2(SP),E		   ;[132] = 1
      33                                		  
      34                                		  ;INDEXED DEFERRED
      35 000226 016776  000122' 000012  		  MOV		A,@12(SP)	   ;[5] = 5
      36 000234 016776  000124' 000010  		  MOV		B,@10(SP)	   ;[4] = 4
      37 000242 016776  000126' 000006  		  MOV		C,@6(SP)  	   ;[3] = 3
      38 000250 016776  000130' 000004  		  MOV		D,@4(SP)	   ;[2] = 2
      39 000256 016776  000132' 000002  		  MOV		E,@2(SP)	   ;[1] = 1
      40                                		  
      41                                		  ;AUTOINCREMENT
      42 000264 012667  000132'         		  MOV		(SP)+,E 	   ;[132] = 5 Pop #5
      43 000270 012667  000130'         		  MOV		(SP)+,D		   ;[130] = 4 Pop #4
      44 000274 012667  000126'         		  MOV		(SP)+,C        ;[126] = 3 Pop #3
      45 000300 012667  000124'         		  MOV		(SP)+,B        ;[124] = 2 Pop #2
      46 000304 012667  000122'         		  MOV		(SP)+,A        ;[122] = 1 Pop #1
      47                                		  
      48                                		  ;AUTOINCREMENT DEFFERED
      49 000310 012746  000001          		  MOV		#1,-(SP)	   ;Push #1 on stack [116] = 1
      50 000314 012746  000002          		  MOV		#2,-(SP)       ;Push #2 on stack [114] = 2
      51 000320 012746  000003          		  MOV		#3,-(SP)       ;Push #3 on stack [112] = 3
      52 000324 012746  000004          		  MOV		#4,-(SP)       ;Push #4 on stack [110] = 4
      53 000330 012746  000005          		  MOV		#5,-(SP)       ;Push #5 on stack [106] = 5
      54 000334 016736  000132'         		  MOV		E,@(SP)+ 	   ;[5] = 1
      55 000340 016736  000130'         		  MOV		D,@(SP)+	   ;[4] = 2
      56 000344 016736  000126'         		  MOV		C,@(SP)+       ;[3] = 3
      57 000350 016736  000124'         		  MOV		B,@(SP)+ 	   ;[2] = 4
      58 000354 016736  000122'                   MOV		A,@(SP)+       ;[1] = 5
      59                                		  
      59 000360 000000                  		  HALT
